../Core/Src/main.c:210:10:scale	1
../Core/Src/main.c:213:10:leer_canal_adc	3
../Core/Src/main.c:237:6:ajuste_brillo	3
../Core/Src/main.c:248:6:guardar_datos	9
../Core/Src/main.c:308:6:modo_normal	8
../Core/Src/main.c:358:6:modo_arcoiris	4
../Core/Src/main.c:372:6:modo_discoteca	4
../Core/Src/main.c:404:6:modo_fuego	4
../Core/Src/main.c:428:6:modo_ciclo	5
../Core/Src/main.c:446:6:modo_ahorro	2
../Core/Src/main.c:454:6:HAL_TIM_PeriodElapsedCallback	10
../Core/Src/main.c:475:6:modo_config	1
../Core/Src/main.c:480:6:state_decod	54
../Core/Src/main.c:661:6:HAL_GPIO_EXTI_Callback	29
../Core/Src/main.c:785:6:obtener_valores_rgb	4
../Core/Src/main.c:811:5:main	1
../Core/Src/main.c:875:6:SystemClock_Config	3
../Core/Src/main.c:922:13:MX_ADC1_Init	3
../Core/Src/main.c:974:13:MX_TIM1_Init	9
../Core/Src/main.c:1057:13:MX_TIM2_Init	6
../Core/Src/main.c:1115:13:MX_GPIO_Init	1
../Core/Src/main.c:1187:6:Error_Handler	1
