../Core/Src/main.c:203:10:scale	16	static
../Core/Src/main.c:206:10:leer_canal_adc	40	static
../Core/Src/main.c:230:6:ajuste_brillo	8	static
../Core/Src/main.c:241:6:guardar_datos	88	static
../Core/Src/main.c:301:6:modo_normal	4	static
../Core/Src/main.c:351:6:modo_arcoiris	16	static
../Core/Src/main.c:365:6:modo_discoteca	16	static
../Core/Src/main.c:392:6:modo_fuego	16	static
../Core/Src/main.c:404:6:modo_ciclo	8	static
../Core/Src/main.c:422:6:modo_ahorro	8	static
../Core/Src/main.c:430:6:HAL_TIM_PeriodElapsedCallback	16	static
../Core/Src/main.c:451:6:modo_config	8	static
../Core/Src/main.c:456:6:state_decod	8	static
../Core/Src/main.c:633:6:HAL_GPIO_EXTI_Callback	24	static
../Core/Src/main.c:757:6:obtener_valores_rgb	16	static
../Core/Src/main.c:783:5:main	8	static
../Core/Src/main.c:846:6:SystemClock_Config	88	static
../Core/Src/main.c:893:13:MX_ADC1_Init	24	static
../Core/Src/main.c:945:13:MX_TIM1_Init	96	static
../Core/Src/main.c:1022:6:MX_TIM2_Init	24	static
../Core/Src/main.c:1063:13:MX_GPIO_Init	48	static
../Core/Src/main.c:1135:6:Error_Handler	4	static,ignoring_inline_asm
