../Core/Src/main.c:211:10:scale	16	static
../Core/Src/main.c:214:10:leer_canal_adc	40	static
../Core/Src/main.c:238:6:ajuste_brillo	8	static
../Core/Src/main.c:249:6:guardar_datos	88	static
../Core/Src/main.c:309:6:modo_normal	4	static
../Core/Src/main.c:359:6:modo_arcoiris	16	static
../Core/Src/main.c:373:6:modo_discoteca	16	static
../Core/Src/main.c:405:6:modo_fuego	16	static
../Core/Src/main.c:427:6:modo_ciclo	8	static
../Core/Src/main.c:445:6:modo_ahorro	8	static
../Core/Src/main.c:453:6:HAL_TIM_PeriodElapsedCallback	16	static
../Core/Src/main.c:474:6:modo_config	8	static
../Core/Src/main.c:479:6:state_decod	8	static
../Core/Src/main.c:661:6:HAL_GPIO_EXTI_Callback	24	static
../Core/Src/main.c:785:6:obtener_valores_rgb	16	static
../Core/Src/main.c:811:5:main	8	static
../Core/Src/main.c:875:6:SystemClock_Config	88	static
../Core/Src/main.c:922:13:MX_ADC1_Init	24	static
../Core/Src/main.c:974:13:MX_TIM1_Init	96	static
../Core/Src/main.c:1057:13:MX_TIM2_Init	64	static
../Core/Src/main.c:1115:13:MX_GPIO_Init	48	static
../Core/Src/main.c:1187:6:Error_Handler	4	static,ignoring_inline_asm
