../Core/Src/main.c:203:10:scale	1
../Core/Src/main.c:206:10:leer_canal_adc	3
../Core/Src/main.c:230:6:ajuste_brillo	3
../Core/Src/main.c:241:6:guardar_datos	9
../Core/Src/main.c:301:6:modo_normal	8
../Core/Src/main.c:351:6:modo_arcoiris	4
../Core/Src/main.c:365:6:modo_discoteca	2
../Core/Src/main.c:392:6:modo_fuego	2
../Core/Src/main.c:404:6:modo_ciclo	5
../Core/Src/main.c:422:6:modo_ahorro	2
../Core/Src/main.c:430:6:HAL_TIM_PeriodElapsedCallback	10
../Core/Src/main.c:451:6:modo_config	1
../Core/Src/main.c:456:6:state_decod	54
../Core/Src/main.c:633:6:HAL_GPIO_EXTI_Callback	29
../Core/Src/main.c:757:6:obtener_valores_rgb	4
../Core/Src/main.c:783:5:main	1
../Core/Src/main.c:846:6:SystemClock_Config	3
../Core/Src/main.c:893:13:MX_ADC1_Init	3
../Core/Src/main.c:945:13:MX_TIM1_Init	9
../Core/Src/main.c:1022:6:MX_TIM2_Init	3
../Core/Src/main.c:1063:13:MX_GPIO_Init	1
../Core/Src/main.c:1135:6:Error_Handler	1
