14:51:14 **** Incremental Build of configuration Debug for project sunset-lamp ****
make -j8 all 
arm-none-eabi-size  sunset-lamp.elf 
   text	   data	    bss	    dec	    hex	filename
   9480	     12	   1644	  11136	   2b80	sunset-lamp.elf
Finished building: default.size.stdout
 
14:51:17 **** Incremental Build of configuration Debug for project sunset-lamp ****
make -j8 all 
arm-none-eabi-size  sunset-lamp.elf 
   text	   data	    bss	    dec	    hex	filename
   9480	     12	   1644	  11136	   2b80	sunset-lamp.elf
Finished building: default.size.stdout
 
14:53:18 **** Incremental Build of configuration Debug for project sunset-lamp ****
make -j8 all 
arm-none-eabi-gcc "../Core/Src/main.c" -mcpu=cortex-m4 -std=gnu11 -g3 -DDEBUG -DUSE_HAL_DRIVER -DSTM32F411xE -c -I../Core/Inc -I../Drivers/STM32F4xx_HAL_Driver/Inc -I../Drivers/STM32F4xx_HAL_Driver/Inc/Legacy -I../Drivers/CMSIS/Device/ST/STM32F4xx/Include -I../Drivers/CMSIS/Include -O0 -ffunction-sections -fdata-sections -Wall -fstack-usage -fcyclomatic-complexity -MMD -MP -MF"Core/Src/main.d" -MT"Core/Src/main.o" --specs=nano.specs -mfpu=fpv4-sp-d16 -mfloat-abi=hard -mthumb -o "Core/Src/main.o"
arm-none-eabi-gcc -o "sunset-lamp.elf" @"objects.list"   -mcpu=cortex-m4 -T"C:\Users\LENOVO\Documents\GitHub\SED-micros-2\sunset-lamp\STM32F411VETX_FLASH.ld" --specs=nosys.specs -Wl,-Map="sunset-lamp.map" -Wl,--gc-sections -static --specs=nano.specs -mfpu=fpv4-sp-d16 -mfloat-abi=hard -mthumb -Wl,--start-group -lc -lm -Wl,--end-group
Finished building target: sunset-lamp.elf
 
arm-none-eabi-size  sunset-lamp.elf 
arm-none-eabi-objdump -h -S sunset-lamp.elf  > "sunset-lamp.list"
   text	   data	    bss	    dec	    hex	filename
   9684	     12	   1644	  11340	   2c4c	sunset-lamp.elf
Finished building: default.size.stdout
 
Finished building: sunset-lamp.list
 
