16:18:42 **** Incremental Build of configuration Debug for project sunset-lamp ****
make -j8 all 
arm-none-eabi-size  sunset-lamp.elf 
   text	   data	    bss	    dec	    hex	filename
  17488	     32	   1892	  19412	   4bd4	sunset-lamp.elf
Finished building: default.size.stdout
 
16:18:45 **** Incremental Build of configuration Debug for project sunset-lamp ****
make -j8 all 
arm-none-eabi-size  sunset-lamp.elf 
   text	   data	    bss	    dec	    hex	filename
  17488	     32	   1892	  19412	   4bd4	sunset-lamp.elf
Finished building: default.size.stdout
 
